src/controllers/settings.controller.ts(4,8): error TS2613: Module '"E:/Email/Email-marketing-server/src/models/user.model"' has no default export. Did you mean to use 'import { User } from "E:/Email/Email-marketing-server/src/models/user.model"' instead?
src/controllers/userManagement.controller.ts(4,8): error TS2613: Module '"E:/Email/Email-marketing-server/src/models/user.model"' has no default export. Did you mean to use 'import { User } from "E:/Email/Email-marketing-server/src/models/user.model"' instead?
src/middlewares/validate.middleware.ts(2,10): error TS2724: '"zod"' has no exported member named 'AnyZodObject'. Did you mean 'ZodObject'?
src/middlewares/validate.middleware.ts(16,30): error TS2339: Property 'errors' does not exist on type 'ZodError<unknown>'.
src/models/user.model.ts(26,44): error TS2349: This expression is not callable.
  Type 'SaveOptions' has no call signatures.
src/models/user.model.ts(28,3): error TS2322: Type 'Promise<string> & void' is not assignable to type 'string | undefined'.
src/models/user.model.ts(28,37): error TS2769: No overload matches this call.
  Overload 1 of 2, '(password: string, salt: string | number): Promise<string>', gave the following error.
    Argument of type 'string | undefined' is not assignable to parameter of type 'string'.
      Type 'undefined' is not assignable to type 'string'.
  Overload 2 of 2, '(password: string, salt: string | number, callback?: Callback<string> | undefined, progressCallback?: ProgressCallback | undefined): void', gave the following error.
    Argument of type 'string | undefined' is not assignable to parameter of type 'string'.
      Type 'undefined' is not assignable to type 'string'.
src/models/user.model.ts(29,3): error TS2349: This expression is not callable.
  Type 'SaveOptions' has no call signatures.
src/modules/template/template.routes.ts(2,10): error TS2305: Module '"../../middlewares/auth.middleware"' has no exported member 'authGuard'.
src/routes/analytics.routes.ts(9,10): error TS2305: Module '"../middlewares/auth.middleware"' has no exported member 'authGuard'.
src/routes/audience.routes.ts(11,10): error TS2305: Module '"../middlewares/auth.middleware"' has no exported member 'authGuard'.
src/routes/auditLog.routes.ts(10,10): error TS2305: Module '"../middlewares/auth.middleware"' has no exported member 'authGuard'.
src/routes/campaign.routes.ts(16,10): error TS2305: Module '"../middlewares/auth.middleware"' has no exported member 'authGuard'.
src/routes/dashboard.routes.ts(7,10): error TS2305: Module '"../middlewares/auth.middleware"' has no exported member 'authGuard'.
src/routes/settings.routes.ts(13,10): error TS2305: Module '"../middlewares/auth.middleware"' has no exported member 'authGuard'.
src/routes/subscriber.routes.ts(12,10): error TS2305: Module '"../middlewares/auth.middleware"' has no exported member 'authGuard'.
src/routes/tag.routes.ts(10,10): error TS2305: Module '"../middlewares/auth.middleware"' has no exported member 'authGuard'.
src/routes/userManagement.routes.ts(11,10): error TS2305: Module '"../middlewares/auth.middleware"' has no exported member 'authGuard'.
src/services/auth.service.ts(15,43): error TS2339: Property 'id' does not exist on type 'Document<unknown, {}, IUser, {}, DefaultSchemaOptions> & IUser & Required<{ _id: ObjectId; }> & { __v: number; }'.
src/services/auth.service.ts(39,43): error TS2339: Property 'id' does not exist on type 'Document<unknown, {}, IUser, {}, DefaultSchemaOptions> & IUser & Required<{ _id: ObjectId; }> & { __v: number; }'.
src/services/auth.service.ts(53,16): error TS2769: No overload matches this call.
  Overload 1 of 5, '(payload: string | object | Buffer<ArrayBufferLike>, secretOrPrivateKey: null, options?: (SignOptions & { algorithm: "none"; }) | undefined): string', gave the following error.
    Argument of type 'string' is not assignable to parameter of type 'null'.
  Overload 2 of 5, '(payload: string | object | Buffer<ArrayBufferLike>, secretOrPrivateKey: Buffer<ArrayBufferLike> | Secret | PrivateKeyInput | JsonWebKeyInput, options?: SignOptions | undefined): string', gave the following error.
    Type 'string' is not assignable to type 'number | StringValue | undefined'.
  Overload 3 of 5, '(payload: string | object | Buffer<ArrayBufferLike>, secretOrPrivateKey: Buffer<ArrayBufferLike> | Secret | PrivateKeyInput | JsonWebKeyInput, callback: SignCallback): void', gave the following error.
    Object literal may only specify known properties, and 'expiresIn' does not exist in type 'SignCallback'.
